// Jest Snapshot v1, https://goo.gl/fbAQLP

exports[`common/Tooltip will render and match snapshot 1`] = `<!---->`;
