// Jest Snapshot v1, https://goo.gl/fbAQLP

exports[`fragment/Base/Error will render and match snapshot 1`] = `
<div class="ss-error fade-slide-enter-from fade-slide-enter-active">
  <div class="ss-error--img"><img svg-inline=""></div>
  <div class="ss-error--description">
    <div class="message">
      <h1>Sorry there is a problem with our system</h1>
      <p> Wait a minute, let me clean up. Please try again or come back later. </p>
    </div>
    <div class="action-button"><button class="ss-button ss-button--dark ss-button--xl text-bold">
        <div class="ss-button--wrapper">
          <!--v-if-->
          <div class="ss-button--label">Reload</div>
        </div>
      </button></div>
  </div>
</div>
`;
