// Jest Snapshot v1, https://goo.gl/fbAQLP

exports[`Button component will render button correctly 1`] = `undefined`;
