// Jest Snapshot v1, https://goo.gl/fbAQLP

exports[`common/Colorpicker will renders ans match snapshot 1`] = `
<div
  id="plugin__12e5"
/>
`;
